<?xml version="1.0" encoding="UTF-8"?>
<TestRun id="dd4c930e-a54e-4baf-a98b-f3de9b60c4a0" name="gudmundssonm@WMLI032191 2012-05-15 13:23:00" runUser="GROUPINFRA\gudmundssonm" xmlns="http://microsoft.com/schemas/VisualStudio/TeamTest/2010">
  <TestSettings name="Local" id="86cf49bf-788a-4610-b4e9-4251082e7a36">
    <Description>These are default test settings for a local test run.</Description>
    <Deployment enabled="false" runDeploymentRoot="gudmundssonm_WMLI032191 2012-05-15 13_23_00" />
    <Execution>
      <TestTypeSpecific />
      <AgentRule name="Execution Agents">
      </AgentRule>
    </Execution>
  </TestSettings>
  <Times creation="2012-05-15T13:23:00.6830012+02:00" queuing="2012-05-15T13:23:02.0230215+02:00" start="2012-05-15T13:23:02.1500288+02:00" finish="2012-05-15T13:23:03.3290940+02:00" />
  <ResultSummary outcome="Completed">
    <Counters total="1" executed="1" passed="1" error="0" failed="0" timeout="0" aborted="0" inconclusive="0" passedButRunAborted="0" notRunnable="0" notExecuted="0" disconnected="0" warning="0" completed="0" inProgress="0" pending="0" />
  </ResultSummary>
  <TestDefinitions>
    <UnitTest name="ShouldBeAbleToOpenconnecton" storage="c:\dotnet\ep.cs\testconnection\bin\debug\testconnection.dll" id="c5130e75-2100-d13f-a39a-1b297551a2e2">
      <Execution id="c9e99d1c-0367-4570-b501-4e2685d94a00" />
      <TestMethod codeBase="c:/dotnet/ep.cs/TestConnection/bin/Debug/TestConnection.DLL" adapterTypeName="Microsoft.VisualStudio.TestTools.TestTypes.Unit.UnitTestAdapter, Microsoft.VisualStudio.QualityTools.Tips.UnitTest.Adapter, Version=10.0.0.0, Culture=neutral, PublicKeyToken=b03f5f7f11d50a3a" className="TestConnection.UnitTest1, TestConnection, Version=1.0.0.0, Culture=neutral, PublicKeyToken=null" name="ShouldBeAbleToOpenconnecton" />
    </UnitTest>
  </TestDefinitions>
  <TestLists>
    <TestList name="Results Not in a List" id="8c84fa94-04c1-424b-9868-57a2d4851a1d" />
    <TestList name="All Loaded Results" id="19431567-8539-422a-85d7-44ee4e166bda" />
  </TestLists>
  <TestEntries>
    <TestEntry testId="c5130e75-2100-d13f-a39a-1b297551a2e2" executionId="c9e99d1c-0367-4570-b501-4e2685d94a00" testListId="8c84fa94-04c1-424b-9868-57a2d4851a1d" />
  </TestEntries>
  <Results>
    <UnitTestResult executionId="c9e99d1c-0367-4570-b501-4e2685d94a00" testId="c5130e75-2100-d13f-a39a-1b297551a2e2" testName="ShouldBeAbleToOpenconnecton" computerName="WMLI032191" duration="00:00:00.0107057" startTime="2012-05-15T13:23:02.2000317+02:00" endTime="2012-05-15T13:23:03.2490894+02:00" testType="13cdc9d9-ddb5-4fa4-a97d-d965ccfc6d4b" outcome="Passed" testListId="8c84fa94-04c1-424b-9868-57a2d4851a1d" relativeResultsDirectory="c9e99d1c-0367-4570-b501-4e2685d94a00">
    </UnitTestResult>
  </Results>
</TestRun>