<?xml version="1.0" encoding="UTF-8"?>
<TestRun id="c1340e3e-5f47-4370-a771-a808d7932113" name="gudmundssonm@WMLI032191 2012-05-15 14:13:21" runUser="GROUPINFRA\gudmundssonm" xmlns="http://microsoft.com/schemas/VisualStudio/TeamTest/2010">
  <TestSettings name="Local" id="86cf49bf-788a-4610-b4e9-4251082e7a36">
    <Description>These are default test settings for a local test run.</Description>
    <Deployment enabled="false" runDeploymentRoot="gudmundssonm_WMLI032191 2012-05-15 14_13_21">
      <DeploymentItem filename="c:\dotnet\ep.cs\ep.cs\bin\Debug\ep.cs.exe" />
    </Deployment>
    <Execution>
      <TestTypeSpecific />
      <AgentRule name="Execution Agents">
      </AgentRule>
    </Execution>
  </TestSettings>
  <Times creation="2012-05-15T14:13:21.4447870+02:00" queuing="2012-05-15T14:13:24.0358828+02:00" start="2012-05-15T14:13:24.2758931+02:00" finish="2012-05-15T14:13:34.3403589+02:00" />
  <ResultSummary outcome="Failed">
    <Counters total="5" executed="5" passed="3" error="0" failed="2" timeout="0" aborted="0" inconclusive="0" passedButRunAborted="0" notRunnable="0" notExecuted="0" disconnected="0" warning="0" completed="0" inProgress="0" pending="0" />
  </ResultSummary>
  <TestDefinitions>
    <UnitTest name="ShouldBeAbleToCloseConnection" storage="c:\dotnet\ep.cs\testconnection\bin\debug\testconnection.dll" id="f42db958-f3ac-165d-b535-eb51081ae795">
      <Execution id="fac1b44e-b74f-45a3-8bd5-66b287eda0f9" />
      <TestMethod codeBase="c:/dotnet/ep.cs/TestConnection/bin/Debug/TestConnection.DLL" adapterTypeName="Microsoft.VisualStudio.TestTools.TestTypes.Unit.UnitTestAdapter, Microsoft.VisualStudio.QualityTools.Tips.UnitTest.Adapter, Version=10.0.0.0, Culture=neutral, PublicKeyToken=b03f5f7f11d50a3a" className="TestConnection.UnitTest1, TestConnection, Version=1.0.0.0, Culture=neutral, PublicKeyToken=null" name="ShouldBeAbleToCloseConnection" />
    </UnitTest>
    <UnitTest name="ShouldBeAbleToLoginWhenConnectionIsOpen" storage="c:\dotnet\ep.cs\testconnection\bin\debug\testconnection.dll" id="0d4375eb-99c1-69da-fe52-1b80659b6570">
      <Execution id="98a29b4c-b240-4e51-9d31-1026de2aa010" />
      <TestMethod codeBase="c:/dotnet/ep.cs/TestConnection/bin/Debug/TestConnection.DLL" adapterTypeName="Microsoft.VisualStudio.TestTools.TestTypes.Unit.UnitTestAdapter, Microsoft.VisualStudio.QualityTools.Tips.UnitTest.Adapter, Version=10.0.0.0, Culture=neutral, PublicKeyToken=b03f5f7f11d50a3a" className="TestConnection.UnitTest1, TestConnection, Version=1.0.0.0, Culture=neutral, PublicKeyToken=null" name="ShouldBeAbleToLoginWhenConnectionIsOpen" />
    </UnitTest>
    <UnitTest name="ShouldNotBeAbleToOpenconnectonTwice" storage="c:\dotnet\ep.cs\testconnection\bin\debug\testconnection.dll" id="3115ed26-5e48-9c36-7327-9228485c3d9f">
      <Execution id="b70bc178-39da-40cb-9c6a-fd7c322c548b" />
      <TestMethod codeBase="c:/dotnet/ep.cs/TestConnection/bin/Debug/TestConnection.DLL" adapterTypeName="Microsoft.VisualStudio.TestTools.TestTypes.Unit.UnitTestAdapter, Microsoft.VisualStudio.QualityTools.Tips.UnitTest.Adapter, Version=10.0.0.0, Culture=neutral, PublicKeyToken=b03f5f7f11d50a3a" className="TestConnection.UnitTest1, TestConnection, Version=1.0.0.0, Culture=neutral, PublicKeyToken=null" name="ShouldNotBeAbleToOpenconnectonTwice" />
    </UnitTest>
    <UnitTest name="ShouldNotBeAbleToLoginWhenConnectionIsClosed" storage="c:\dotnet\ep.cs\testconnection\bin\debug\testconnection.dll" id="71d6bebf-05fa-30c0-c032-8f76f81cdad7">
      <Execution id="d40d8426-7e7c-4827-8694-322367044b21" />
      <TestMethod codeBase="c:/dotnet/ep.cs/TestConnection/bin/Debug/TestConnection.DLL" adapterTypeName="Microsoft.VisualStudio.TestTools.TestTypes.Unit.UnitTestAdapter, Microsoft.VisualStudio.QualityTools.Tips.UnitTest.Adapter, Version=10.0.0.0, Culture=neutral, PublicKeyToken=b03f5f7f11d50a3a" className="TestConnection.UnitTest1, TestConnection, Version=1.0.0.0, Culture=neutral, PublicKeyToken=null" name="ShouldNotBeAbleToLoginWhenConnectionIsClosed" />
    </UnitTest>
    <UnitTest name="ShouldBeAbleToOpenConnection" storage="c:\dotnet\ep.cs\testconnection\bin\debug\testconnection.dll" id="6389bea3-7376-e850-0934-243aa2ed45dd">
      <Execution id="f0106bf0-c7da-488d-87dc-3db2e93a0d6f" />
      <TestMethod codeBase="c:/dotnet/ep.cs/TestConnection/bin/Debug/TestConnection.DLL" adapterTypeName="Microsoft.VisualStudio.TestTools.TestTypes.Unit.UnitTestAdapter, Microsoft.VisualStudio.QualityTools.Tips.UnitTest.Adapter, Version=10.0.0.0, Culture=neutral, PublicKeyToken=b03f5f7f11d50a3a" className="TestConnection.UnitTest1, TestConnection, Version=1.0.0.0, Culture=neutral, PublicKeyToken=null" name="ShouldBeAbleToOpenConnection" />
    </UnitTest>
  </TestDefinitions>
  <TestLists>
    <TestList name="Results Not in a List" id="8c84fa94-04c1-424b-9868-57a2d4851a1d" />
    <TestList name="All Loaded Results" id="19431567-8539-422a-85d7-44ee4e166bda" />
  </TestLists>
  <TestEntries>
    <TestEntry testId="3115ed26-5e48-9c36-7327-9228485c3d9f" executionId="b70bc178-39da-40cb-9c6a-fd7c322c548b" testListId="8c84fa94-04c1-424b-9868-57a2d4851a1d" />
    <TestEntry testId="6389bea3-7376-e850-0934-243aa2ed45dd" executionId="f0106bf0-c7da-488d-87dc-3db2e93a0d6f" testListId="8c84fa94-04c1-424b-9868-57a2d4851a1d" />
    <TestEntry testId="f42db958-f3ac-165d-b535-eb51081ae795" executionId="fac1b44e-b74f-45a3-8bd5-66b287eda0f9" testListId="8c84fa94-04c1-424b-9868-57a2d4851a1d" />
    <TestEntry testId="0d4375eb-99c1-69da-fe52-1b80659b6570" executionId="98a29b4c-b240-4e51-9d31-1026de2aa010" testListId="8c84fa94-04c1-424b-9868-57a2d4851a1d" />
    <TestEntry testId="71d6bebf-05fa-30c0-c032-8f76f81cdad7" executionId="d40d8426-7e7c-4827-8694-322367044b21" testListId="8c84fa94-04c1-424b-9868-57a2d4851a1d" />
  </TestEntries>
  <Results>
    <UnitTestResult executionId="b70bc178-39da-40cb-9c6a-fd7c322c548b" testId="3115ed26-5e48-9c36-7327-9228485c3d9f" testName="ShouldNotBeAbleToOpenconnectonTwice" computerName="WMLI032191" duration="00:00:06.9040948" startTime="2012-05-15T14:13:24.3588979+02:00" endTime="2012-05-15T14:13:32.5002603+02:00" testType="13cdc9d9-ddb5-4fa4-a97d-d965ccfc6d4b" outcome="Passed" testListId="8c84fa94-04c1-424b-9868-57a2d4851a1d" relativeResultsDirectory="b70bc178-39da-40cb-9c6a-fd7c322c548b">
    </UnitTestResult>
    <UnitTestResult executionId="f0106bf0-c7da-488d-87dc-3db2e93a0d6f" testId="6389bea3-7376-e850-0934-243aa2ed45dd" testName="ShouldBeAbleToOpenConnection" computerName="WMLI032191" duration="00:00:00.0009899" startTime="2012-05-15T14:13:32.5162612+02:00" endTime="2012-05-15T14:13:32.5222616+02:00" testType="13cdc9d9-ddb5-4fa4-a97d-d965ccfc6d4b" outcome="Passed" testListId="8c84fa94-04c1-424b-9868-57a2d4851a1d" relativeResultsDirectory="f0106bf0-c7da-488d-87dc-3db2e93a0d6f">
    </UnitTestResult>
    <UnitTestResult executionId="fac1b44e-b74f-45a3-8bd5-66b287eda0f9" testId="f42db958-f3ac-165d-b535-eb51081ae795" testName="ShouldBeAbleToCloseConnection" computerName="WMLI032191" duration="00:00:00.0002669" startTime="2012-05-15T14:13:32.5282619+02:00" endTime="2012-05-15T14:13:32.5362624+02:00" testType="13cdc9d9-ddb5-4fa4-a97d-d965ccfc6d4b" outcome="Passed" testListId="8c84fa94-04c1-424b-9868-57a2d4851a1d" relativeResultsDirectory="fac1b44e-b74f-45a3-8bd5-66b287eda0f9">
    </UnitTestResult>
    <UnitTestResult executionId="98a29b4c-b240-4e51-9d31-1026de2aa010" testId="0d4375eb-99c1-69da-fe52-1b80659b6570" testName="ShouldBeAbleToLoginWhenConnectionIsOpen" computerName="WMLI032191" duration="00:00:00.8892283" startTime="2012-05-15T14:13:32.5442628+02:00" endTime="2012-05-15T14:13:33.4353105+02:00" testType="13cdc9d9-ddb5-4fa4-a97d-d965ccfc6d4b" outcome="Failed" testListId="8c84fa94-04c1-424b-9868-57a2d4851a1d" relativeResultsDirectory="98a29b4c-b240-4e51-9d31-1026de2aa010">
      <Output>
        <ErrorInfo>
          <Message>Test method TestConnection.UnitTest1.ShouldBeAbleToLoginWhenConnectionIsOpen threw exception: 
System.NotImplementedException: The method or operation is not implemented.</Message>
          <StackTrace>    at exercise.ConnectionImp.Login() in c:\dotnet\ep.cs\ep.cs\ConnectionImp.cs:line 54
   at TestConnection.UnitTest1.ShouldBeAbleToLoginWhenConnectionIsOpen() in c:\dotnet\ep.cs\TestConnection\TestConnectionImp.cs:line 109
</StackTrace>
        </ErrorInfo>
      </Output>
    </UnitTestResult>
    <UnitTestResult executionId="d40d8426-7e7c-4827-8694-322367044b21" testId="71d6bebf-05fa-30c0-c032-8f76f81cdad7" testName="ShouldNotBeAbleToLoginWhenConnectionIsClosed" computerName="WMLI032191" duration="00:00:00.7907991" startTime="2012-05-15T14:13:33.4553105+02:00" endTime="2012-05-15T14:13:34.2513538+02:00" testType="13cdc9d9-ddb5-4fa4-a97d-d965ccfc6d4b" outcome="Failed" testListId="8c84fa94-04c1-424b-9868-57a2d4851a1d" relativeResultsDirectory="d40d8426-7e7c-4827-8694-322367044b21">
      <Output>
        <ErrorInfo>
          <Message>Test method TestConnection.UnitTest1.ShouldNotBeAbleToLoginWhenConnectionIsClosed threw exception System.NotImplementedException, but exception exercise.ConnectionIsClosedException was expected. Exception message: System.NotImplementedException: The method or operation is not implemented.</Message>
          <StackTrace>    at exercise.ConnectionImp.Login() in c:\dotnet\ep.cs\ep.cs\ConnectionImp.cs:line 54
   at TestConnection.UnitTest1.ShouldNotBeAbleToLoginWhenConnectionIsClosed() in c:\dotnet\ep.cs\TestConnection\TestConnectionImp.cs:line 122
</StackTrace>
        </ErrorInfo>
      </Output>
    </UnitTestResult>
  </Results>
</TestRun>